Microsoft Windows [Version 10.0.22621.3007]
(c) Microsoft Corporation. All rights reserved.

D:\DCCNTT13.10.5\Project mony>powershell
Windows PowerShell
Copyright (C) Microsoft Corporation. All rights reserved.

Install the latest PowerShell for new features and improvements! https://aka.ms/PSWindows

                                               +------------------------------+
                                               | Welcome /Quan Dev\ Anonymous |
                                               +------------------------------+
Loading personal and system profiles took 2186ms.
â•­â”€î‚² î˜ª î‚° ï¼ D:\DCCNTT13.10.5\Project mony î‚°                                                           î‚² âœ” î‚² 16:15:01 ï€— î‚°â”€â•®â•°â”€ exit                                                                                                               â”€â•¯
D:\DCCNTT13.10.5\Project mony>node -v
v18.12.1

D:\DCCNTT13.10.5\Project mony>npm -v
8.19.2

D:\DCCNTT13.10.5\Project mony>npm install -g react-native-cli

added 89 packages, and audited 90 packages in 6s

41 packages are looking for funding
  run `npm fund` for details

found 0 vulnerabilities

D:\DCCNTT13.10.5\Project mony>java -version
java version "21.0.2" 2024-01-16 LTS
Java(TM) SE Runtime Environment (build 21.0.2+13-LTS-58)
Java HotSpot(TM) 64-Bit Server VM (build 21.0.2+13-LTS-58, mixed mode, sharing)

D:\DCCNTT13.10.5\Project mony>npm install -g expo-cli
npm WARN deprecated @npmcli/move-file@1.1.2: This functionality has been moved to @npmcli/fs
npm WARN deprecated @babel/plugin-proposal-class-properties@7.18.6: This proposal has been merged to the ECMAScript standard and thus this plugin is no longer maintained. Please use @babel/plugin-transform-class-properties instead.
npm WARN deprecated @babel/plugin-proposal-optional-catch-binding@7.18.6: This proposal has been merged to the ECMAScript standard and thus this plugin is no longer maintained. Please use @babel/plugin-transform-optional-catch-binding instead.
npm WARN deprecated @babel/plugin-proposal-nullish-coalescing-operator@7.18.6: This proposal has been merged to the ECMAScript standard and thus this plugin is no longer maintained. Please use @babel/plugin-transform-nullish-coalescing-operator instead.
npm WARN deprecated stable@0.1.8: Modern JS already guarantees Array#sort() is a stable sort, so this library is deprecated. See the compatibility table on MDN: https://developer.mozilla.org/en-US/docs/Web/JavaScript/Reference/Global_Objects/Array/sort#browser_compatibility
npm WARN deprecated @babel/plugin-proposal-optional-chaining@7.21.0: This proposal has been merged to the ECMAScript standard and thus this plugin is no longer maintained. Please use @babel/plugin-transform-optional-chaining instead.
npm WARN deprecated @babel/plugin-proposal-object-rest-spread@7.20.7: This proposal has been merged to the ECMAScript standard and thus this plugin is no longer maintained. Please use @babel/plugin-transform-object-rest-spread instead.
npm WARN deprecated @babel/plugin-proposal-async-generator-functions@7.20.7: This proposal has been merged to the ECMAScript standard and thus this plugin is no longer maintained. Please use @babel/plugin-transform-async-generator-functions instead.
npm WARN deprecated abab@2.0.6: Use your platform's native atob() and btoa() methods instead
npm WARN deprecated uuid@3.4.0: Please upgrade  to version 7 or higher.  Older versions may use Math.random() in certain circumstances, which is known to be problematic.  See https://v8.dev/blog/math-random for details.
npm WARN deprecated uuid@3.4.0: Please upgrade  to version 7 or higher.  Older versions may use Math.random() in certain circumstances, which is known to be problematic.  See https://v8.dev/blog/math-random for details.
npm WARN deprecated uuid@3.4.0: Please upgrade  to version 7 or higher.  Older versions may use Math.random() in certain circumstances, which is known to be problematic.  See https://v8.dev/blog/math-random for details.
npm WARN deprecated uuid@3.4.0: Please upgrade  to version 7 or higher.  Older versions may use Math.random() in certain circumstances, which is known to be problematic.  See https://v8.dev/blog/math-random for details.
npm WARN deprecated expo-cli@6.3.10: The global Expo CLI has been superseded by 'npx expo' and eas-cli â€“â€“ Learn more: https://blog.expo.dev/the-new-expo-cli-f4250d8e3421

added 37 packages, removed 2 packages, changed 1204 packages, and audited 1242 packages in 1m

122 packages are looking for funding
  run `npm fund` for details

29 vulnerabilities (17 moderate, 12 high)

To address issues that do not require attention, run:
  npm audit fix

To address all issues (including breaking changes), run:
  npm audit fix --force

Run `npm audit` for details.

D:\DCCNTT13.10.5\Project mony>npm audit fix --force
npm WARN using --force Recommended protections disabled.
npm ERR! code ENOLOCK
npm ERR! audit This command requires an existing lockfile.
npm ERR! audit Try creating one first with: npm i --package-lock-only
npm ERR! audit Original error: loadVirtual requires existing shrinkwrap file

npm ERR! A complete log of this run can be found in:
npm ERR!     C:\Users\Asus\AppData\Local\npm-cache\_logs\2024-02-26T09_21_28_600Z-debug-0.log

D:\DCCNTT13.10.5\Project mony>expo init Eaut_Project
WARNING: The legacy expo-cli does not support Node +17. Migrate to the new local Expo CLI: https://blog.expo.dev/the-new-expo-cli-f4250d8e3421.
â”Œâ”€â”€â”€â”€â”€â”€â”€â”€â”€â”€â”€â”€â”€â”€â”€â”€â”€â”€â”€â”€â”€â”€â”€â”€â”€â”€â”€â”€â”€â”€â”€â”€â”€â”€â”€â”€â”€â”€â”€â”€â”€â”€â”€â”€â”€â”€â”€â”€â”€â”€â”€â”€â”€â”€â”€â”€â”€â”€â”€â”€â”€â”€â”€â”€â”€â”€â”€â”€â”€â”€â”€â”€â”€â”€â”€â”
â”‚                                                                           â”‚
â”‚   The global expo-cli package has been deprecated.                        â”‚
â”‚                                                                           â”‚
â”‚   The new Expo CLI is now bundled in your project in the expo package.    â”‚
â”‚   Learn more: https://blog.expo.dev/the-new-expo-cli-f4250d8e3421.        â”‚
â”‚                                                                           â”‚
â”‚   To use the local CLI instead (recommended in SDK 46 and higher), run:   â”‚
â”‚   â€º npx expo <command>                                                    â”‚
â”‚                                                                           â”‚
â””â”€â”€â”€â”€â”€â”€â”€â”€â”€â”€â”€â”€â”€â”€â”€â”€â”€â”€â”€â”€â”€â”€â”€â”€â”€â”€â”€â”€â”€â”€â”€â”€â”€â”€â”€â”€â”€â”€â”€â”€â”€â”€â”€â”€â”€â”€â”€â”€â”€â”€â”€â”€â”€â”€â”€â”€â”€â”€â”€â”€â”€â”€â”€â”€â”€â”€â”€â”€â”€â”€â”€â”€â”€â”€â”€â”˜

Migrate to using:
â€º npx create-expo-app --template

âˆš Choose a template: Â» blank               a minimal app as clean as an empty canvas
âˆš Downloaded template.
ğŸ§¶ Using Yarn to install packages. Pass --npm to use npm instead.
âˆš Installed JavaScript dependencies.

âœ… Your project is ready!

To run your project, navigate to the directory and run one of the following yarn commands.

- cd Eaut_Project
- yarn start # you can open iOS, Android, or web from here, or run them directly with the commands below.
- yarn android
- yarn ios # requires an iOS device or macOS for access to an iOS simulator
- yarn web

D:\DCCNTT13.10.5\Project mony>npx create-expo-app Eaut_Project --template blank
Need to install the following packages:
  create-expo-app@2.1.1
Ok to proceed? (y) y
The directory Eaut_Project has files that might be overwritten:

  App.js
  app.json
  assets
  babel.config.js
  node_modules
  package.json
  yarn.lock

Try using a new directory name, or moving these files.


D:\DCCNTT13.10.5\Project mony>cd Eaut_Project

D:\DCCNTT13.10.5\Project mony\Eaut_Project>expo start
WARNING: The legacy expo-cli does not support Node +17. Migrate to the new local Expo CLI: https://blog.expo.dev/the-new-expo-cli-f4250d8e3421.
â”Œâ”€â”€â”€â”€â”€â”€â”€â”€â”€â”€â”€â”€â”€â”€â”€â”€â”€â”€â”€â”€â”€â”€â”€â”€â”€â”€â”€â”€â”€â”€â”€â”€â”€â”€â”€â”€â”€â”€â”€â”€â”€â”€â”€â”€â”€â”€â”€â”€â”€â”€â”€â”€â”€â”€â”€â”€â”€â”€â”€â”€â”€â”€â”€â”€â”€â”€â”€â”€â”€â”€â”€â”€â”€â”€â”€â”
â”‚                                                                           â”‚
â”‚   The global expo-cli package has been deprecated.                        â”‚
â”‚                                                                           â”‚
â”‚   The new Expo CLI is now bundled in your project in the expo package.    â”‚
â”‚   Learn more: https://blog.expo.dev/the-new-expo-cli-f4250d8e3421.        â”‚
â”‚                                                                           â”‚
â”‚   To use the local CLI instead (recommended in SDK 46 and higher), run:   â”‚
â”‚   â€º npx expo <command>                                                    â”‚
â”‚                                                                           â”‚
â””â”€â”€â”€â”€â”€â”€â”€â”€â”€â”€â”€â”€â”€â”€â”€â”€â”€â”€â”€â”€â”€â”€â”€â”€â”€â”€â”€â”€â”€â”€â”€â”€â”€â”€â”€â”€â”€â”€â”€â”€â”€â”€â”€â”€â”€â”€â”€â”€â”€â”€â”€â”€â”€â”€â”€â”€â”€â”€â”€â”€â”€â”€â”€â”€â”€â”€â”€â”€â”€â”€â”€â”€â”€â”€â”€â”˜
Starting project at D:\DCCNTT13.10.5\Project mony\Eaut_Project
ExpoMetroConfig.loadAsync is not a function
TypeError: ExpoMetroConfig.loadAsync is not a function
    at runMetroDevServerAsync (C:\Users\Asus\AppData\Roaming\npm\node_modules\expo-cli\node_modules\@expo\dev-server\src\MetroDevServer.ts:86:45)
    at startDevServerAsync (C:\Users\Asus\AppData\Roaming\npm\node_modules\expo-cli\node_modules\xdl\src\start\startDevServerAsync.ts:75:77)
    at startAsync (C:\Users\Asus\AppData\Roaming\npm\node_modules\expo-cli\node_modules\xdl\src\start\startAsync.ts:84:41)

D:\DCCNTT13.10.5\Project mony\Eaut_Project>npm install -g expo-cli
npm WARN deprecated @npmcli/move-file@1.1.2: This functionality has been moved to @npmcli/fs
npm WARN deprecated @babel/plugin-proposal-optional-catch-binding@7.18.6: This proposal has been merged to the ECMAScript standard and thus this plugin is no longer maintained. Please use @babel/plugin-transform-optional-catch-binding instead.
npm WARN deprecated @babel/plugin-proposal-nullish-coalescing-operator@7.18.6: This proposal has been merged to the ECMAScript standard and thus this plugin is no longer maintained. Please use @babel/plugin-transform-nullish-coalescing-operator instead.
npm WARN deprecated @babel/plugin-proposal-class-properties@7.18.6: This proposal has been merged to the ECMAScript standard and thus this plugin is no longer maintained. Please use @babel/plugin-transform-class-properties instead.
npm WARN deprecated stable@0.1.8: Modern JS already guarantees Array#sort() is a stable sort, so this library is deprecated. See the compatibility table on MDN: https://developer.mozilla.org/en-US/docs/Web/JavaScript/Reference/Global_Objects/Array/sort#browser_compatibility
npm WARN deprecated @babel/plugin-proposal-optional-chaining@7.21.0: This proposal has been merged to the ECMAScript standard and thus this plugin is no longer maintained. Please use @babel/plugin-transform-optional-chaining instead.
npm WARN deprecated @babel/plugin-proposal-object-rest-spread@7.20.7: This proposal has been merged to the ECMAScript standard and thus this plugin is no longer maintained. Please use @babel/plugin-transform-object-rest-spread instead.
npm WARN deprecated @babel/plugin-proposal-async-generator-functions@7.20.7: This proposal has been merged to the ECMAScript standard and thus this plugin is no longer maintained. Please use @babel/plugin-transform-async-generator-functions instead.
npm WARN deprecated abab@2.0.6: Use your platform's native atob() and btoa() methods instead
npm WARN deprecated uuid@3.4.0: Please upgrade  to version 7 or higher.  Older versions may use Math.random() in certain circumstances, which is known to be problematic.  See https://v8.dev/blog/math-random for details.
npm WARN deprecated uuid@3.4.0: Please upgrade  to version 7 or higher.  Older versions may use Math.random() in certain circumstances, which is known to be problematic.  See https://v8.dev/blog/math-random for details.
npm WARN deprecated uuid@3.4.0: Please upgrade  to version 7 or higher.  Older versions may use Math.random() in certain circumstances, which is known to be problematic.  See https://v8.dev/blog/math-random for details.
npm WARN deprecated uuid@3.4.0: Please upgrade  to version 7 or higher.  Older versions may use Math.random() in certain circumstances, which is known to be problematic.  See https://v8.dev/blog/math-random for details.
npm WARN deprecated expo-cli@6.3.10: The global Expo CLI has been superseded by 'npx expo' and eas-cli â€“â€“ Learn more: https://blog.expo.dev/the-new-expo-cli-f4250d8e3421

changed 1241 packages, and audited 1242 packages in 1m

122 packages are looking for funding
  run `npm fund` for details

29 vulnerabilities (17 moderate, 12 high)

To address issues that do not require attention, run:
  npm audit fix

To address all issues (including breaking changes), run:
  npm audit fix --force

Run `npm audit` for details.

D:\DCCNTT13.10.5\Project mony\Eaut_Project>expo start -c
WARNING: The legacy expo-cli does not support Node +17. Migrate to the new local Expo CLI: https://blog.expo.dev/the-new-expo-cli-f4250d8e3421.
â”Œâ”€â”€â”€â”€â”€â”€â”€â”€â”€â”€â”€â”€â”€â”€â”€â”€â”€â”€â”€â”€â”€â”€â”€â”€â”€â”€â”€â”€â”€â”€â”€â”€â”€â”€â”€â”€â”€â”€â”€â”€â”€â”€â”€â”€â”€â”€â”€â”€â”€â”€â”€â”€â”€â”€â”€â”€â”€â”€â”€â”€â”€â”€â”€â”€â”€â”€â”€â”€â”€â”€â”€â”€â”€â”€â”€â”
â”‚                                                                           â”‚
â”‚   The global expo-cli package has been deprecated.                        â”‚
â”‚                                                                           â”‚
â”‚   The new Expo CLI is now bundled in your project in the expo package.    â”‚
â”‚   Learn more: https://blog.expo.dev/the-new-expo-cli-f4250d8e3421.        â”‚
â”‚                                                                           â”‚
â”‚   To use the local CLI instead (recommended in SDK 46 and higher), run:   â”‚
â”‚   â€º npx expo <command>                                                    â”‚
â”‚                                                                           â”‚
â””â”€â”€â”€â”€â”€â”€â”€â”€â”€â”€â”€â”€â”€â”€â”€â”€â”€â”€â”€â”€â”€â”€â”€â”€â”€â”€â”€â”€â”€â”€â”€â”€â”€â”€â”€â”€â”€â”€â”€â”€â”€â”€â”€â”€â”€â”€â”€â”€â”€â”€â”€â”€â”€â”€â”€â”€â”€â”€â”€â”€â”€â”€â”€â”€â”€â”€â”€â”€â”€â”€â”€â”€â”€â”€â”€â”˜
Starting project at D:\DCCNTT13.10.5\Project mony\Eaut_Project
ExpoMetroConfig.loadAsync is not a function
TypeError: ExpoMetroConfig.loadAsync is not a function
    at runMetroDevServerAsync (C:\Users\Asus\AppData\Roaming\npm\node_modules\expo-cli\node_modules\@expo\dev-server\src\MetroDevServer.ts:86:45)
    at startDevServerAsync (C:\Users\Asus\AppData\Roaming\npm\node_modules\expo-cli\node_modules\xdl\src\start\startDevServerAsync.ts:75:77)
    at startAsync (C:\Users\Asus\AppData\Roaming\npm\node_modules\expo-cli\node_modules\xdl\src\start\startAsync.ts:84:41)

D:\DCCNTT13.10.5\Project mony\Eaut_Project>npx expo start
Starting project at D:\DCCNTT13.10.5\Project mony\Eaut_Project
Starting Metro Bundler
â–„â–„â–„â–„â–„â–„â–„â–„â–„â–„â–„â–„â–„â–„â–„â–„â–„â–„â–„â–„â–„â–„â–„â–„â–„â–„â–„
â–ˆ â–„â–„â–„â–„â–„ â–ˆâ–€â–€ â–ˆâ–ˆâ–ˆâ–ˆ â–„â–ˆ â–„â–„â–„â–„â–„ â–ˆ
â–ˆ â–ˆ   â–ˆ â–ˆâ–„â–€â–ˆâ–ˆâ–€â–ˆâ–ˆâ–€ â–ˆ â–ˆ   â–ˆ â–ˆ
â–ˆ â–ˆâ–„â–„â–„â–ˆ â–ˆ â–„ â–ˆ â–„â–€ â–ˆâ–ˆ â–ˆâ–„â–„â–„â–ˆ â–ˆ
â–ˆâ–„â–„â–„â–„â–„â–„â–„â–ˆ â–ˆ â–€â–„â–ˆâ–„â–ˆâ–„â–ˆâ–„â–„â–„â–„â–„â–„â–„â–ˆ
â–ˆâ–„ â–€â–„â–€â–ˆâ–„ â–ˆâ–€â–ˆ  â–„â–€â–„â–„â–€  â–„â–€â–„â–„â–€â–ˆ
â–ˆâ–ˆâ–„â–€â–ˆâ–ˆâ–ˆâ–„â–€â–ˆâ–€â–€  â–€ â–€â–ˆâ–„â–€ â–€â–€â–ˆâ–„â–„â–ˆ
â–ˆâ–„â–€â–ˆâ–ˆ â–€â–„ â–€â–ˆâ–„ â–ˆ  â–ˆâ–€â–ˆ â–„â–ˆ â–ˆâ–ˆâ–€â–ˆ
â–ˆâ–„â–€â–„â–ˆ â–ˆâ–„ â–ˆâ–€â–„ â–ˆâ–€â–ˆâ–ˆ â–„â–„ â–€â–€â–ˆâ–ˆâ–„â–ˆ
â–ˆâ–„â–„â–ˆâ–ˆâ–„â–ˆâ–„â–ˆ â–„â–€â–ˆ â–€â–„  â–„â–„â–„ â–ˆ â–„ â–ˆ
â–ˆ â–„â–„â–„â–„â–„ â–ˆâ–„â–€ â–„ â–ˆâ–„  â–ˆâ–„â–ˆ  â–€ â–„â–ˆ
â–ˆ â–ˆ   â–ˆ â–ˆâ–€  â–€â–„â–„â–€â–€â–„ â–„â–„ â–ˆâ–€â–„â–ˆâ–ˆ
â–ˆ â–ˆâ–„â–„â–„â–ˆ â–ˆâ–€â–„â–€â–ˆâ–ˆ  â–ˆ  â–ˆâ–„  â–„â–ˆâ–„â–ˆ
â–ˆâ–„â–„â–„â–„â–„â–„â–„â–ˆâ–„â–„â–„â–ˆâ–ˆâ–„â–„â–ˆâ–„â–ˆâ–ˆâ–ˆâ–„â–„â–ˆâ–„â–„â–ˆ

â€º Metro waiting on exp://192.168.0.102:8081
â€º Scan the QR code above with Expo Go (Android) or the Camera app (iOS)

â€º Using Expo Go
â€º Press s â”‚ switch to development build

â€º Press a â”‚ open Android
â€º Press w â”‚ open web

â€º Press j â”‚ open debugger
â€º Press r â”‚ reload app
â€º Press m â”‚ toggle menu
â€º Press o â”‚ open project code in your editor

â€º Press ? â”‚ show all commands

Logs for your project will appear below. Press Ctrl+C to exit.
iOS Bundled 28025ms (D:\DCCNTT13.10.5\Project mony\Eaut_Project\node_modules\expo\AppEntry.js)